---
title: "MBR和GRUB的关系"
layout: post
date: 2017-06-15
tags:
- Linux
categories: LINUX
blog: true
excerpt: mbr和grub的关系，fdisk解析
---


### MBR


硬盘的最前端512个字节是有特殊用处的。 

* 0-446个字节是一段二进制程序，它将会引导电脑加载位于其他分区的引导程序。理论上将引导程序直接写到硬盘的最前面貌似也可以，就是引导程序大小不固定且一般比较大，所以才有了这么一个446字节的曲线救国策略吧。 
* 其后是4个16字节的“磁盘分区表”（DPT），所以我们常说一个硬盘只能有4个主分区。 
* 2字节的结束标志（55AA）

有人管硬盘0-446字节的内容叫MBR，也有人管0-512字节叫MBR。

磁盘分区表会描述某一个分区是从硬盘（U盘也行）的哪一个块开始，哪一个块结束的。对于一个U盘如果它不是用作启动盘的那么用0填充最前面的446个字节，U盘依然可以使用。如果填充接下来的64个字节，那么U盘就无法读取了，当然数据还是可以恢复的。

### GRUB

GRUB用来引导加载最终的操作系统。因为它尺寸比较大且有着不确定的大小，所以不能放在硬盘最前面。它可以被放到分区的某一个目录里面，然后由MBR的446个字节尝试加载我们配置好的GRUB。


### fdisk -l


```linux
[root@VM_16_98_centos ~]# fdisk -l

Disk /dev/vda: 21.5 GB, 21474836480 bytes, 41943040 sectors
Units = sectors of 1 * 512 = 512 bytes
Sector size (logical/physical): 512 bytes / 512 bytes
I/O size (minimum/optimal): 512 bytes / 512 bytes
Disk label type: dos
Disk identifier: 0x0005fc9a

   Device Boot      Start         End      Blocks   Id  System
/dev/vda1   *        2048    41943039    20970496   83  Linux

```


你可以看到这个硬盘21.5GB大小 (注：bytes=B，表示“字节”，bit=b，表示“位”)，分了一个区，每一个簇大小512字节，硬盘的布局是这样的： 

* 第0簇: MBR 
* 第1簇 - 2048簇 ：空白的
* 第2048簇 - 41943039簇： 第一个分区。 



分区与分区之间是可以有空隙的，这么做除了浪费空间貌似没有什么好处，所以很少有人这么做。第一个分区与MBR之间是有空隙的，这个倒是故意的，但是对于MBR格式的硬盘貌似也没有用处。

除此之外，你还可以看到Device里面有一个Boot字段，它表明了该分区是否可以启动。


/dev/sdb 和 /dev/sdb1 以及/dev/sdb2的关系是：/dev/sdb = MBR + 可能有的空隙 + /dev/sdb1 + 可能有的空隙 +  /dev/sdb2 + 可能有的空隙




```linux
[root@www.linuxidc.com ~]# fdisk -l 
Disk /dev/sda: 10.7 GB, 10737418240 bytes 
255 heads, 63 sectors/track, 1305 cylinders 
Units = cylinders of 16065 * 512 = 8225280 bytes 
Sector size (logical/physical): 512 bytes / 512 bytes 
I/O size (minimum/optimal): 512 bytes / 512 bytes 
Disk identifier: 0x00044938 
  Device Boot      Start        End      Blocks  Id  System 
/dev/sda1  *          1        638    5120000  83  Linux 
Partition 1 does not end on cylinder boundary. 
/dev/sda2            638        893    2048000  83  Linux 
Partition 2 does not end on cylinder boundary. 
/dev/sda3            893        1020    1024000  82  Linux swap / Solaris 
Partition 3 does not end on cylinder boundary. 
/dev/sda4            1020        1306    2292736    5  Extended 
/dev/sda5            1021        1306    2291712  83  Linux
```

- Disk /dev/sda: 10.7 GB, 10737418240 bytes: 块设备名称为/dev/sda，此设备的大小为10.7GB，这个数字不是特别精确，我系统是10GB；10737418240 bytes这是转换成字节后的大小，即：10737418240/1024/1024/1024=10GB (注：bytes=B，表示“字节”，bit=b，表示“位”)
- 255 heads, 63 sectors/track, 1305 cylinders: 255 heads：表示磁头数为255; 63 sectors/track：表示每磁道上有63个扇区; 1305 cylinders：表示共有1305个柱面，柱面是分区的最小单位
- Sector size (logical/physical): 512 bytes / 512 bytes表示一个扇区的大小是512字节
- Units = cylinders of 16065 * 512 = 8225280 bytes, 16065=255*63因为每一个磁头都是在同一个柱面的，63表示每个磁道上的扇区数量，这两个数的乘积表示一个柱面上的扇区数量；所以16065*512表示一个柱面的大小是8225280字节


总结：所以一个磁盘的大小=一个柱面大小*柱面的总数=磁头数量*每个磁道上的扇区数*一个扇区大小*柱面总数

即：磁盘大小=8225280*1305=10733990400bytes=9.99GB=255*63*512*1305
上例中显示出我们的磁盘只有1305个柱面，但下边的分区信息中出现了1306个柱面数，不必太在意，linux显示的这些数据不会十分精确。



### 讨论


mbr是硬盘的一个引导区，而grub是一个引导程序！在mbr中有一段空间需要编写引导程序！grub只是引导程序的一种！如果grub够小的话，直接写在mbr中，就可以引导操作系统了！如果grub太大，在只能写一部分在mbr了！如果装windows则硬盘中的grub程序就不能运行了！不是不行，而是微软不愿兼容其它操作系统程序！这些都是技术，技术会发展，可能与不可能只不过是时间和当时技术的问题！


grub可写在mbr中(硬盘0扇区), 也可写在引导分区中(比如linux分区)
在安装linux系统时,有的发行版会有这两个选项.


